**********************
Windows PowerShell transcript start
Start time: 20251022031231
Username: LAPTOP-DHVBS0TN\pc
RunAs User: LAPTOP-DHVBS0TN\pc
Configuration Name: 
Machine: LAPTOP-DHVBS0TN (Microsoft Windows NT 10.0.22631.0)
Host Application: C:\Windows\System32\WindowsPowerShell\v1.0\powershell.exe -NoProfile -ExecutionPolicy Bypass -NoLogo -NoExit -File E:\wplace-site\Get-MissingTarParts.ps1
Process ID: 17536
PSVersion: 5.1.22621.6060
PSEdition: Desktop
PSCompatibleVersions: 1.0, 2.0, 3.0, 4.0, 5.0, 5.1.22621.6060
BuildVersion: 10.0.22621.6060
CLRVersion: 4.0.30319.42000
WSManStackVersion: 3.0
PSRemotingProtocolVersion: 2.3
SerializationVersion: 1.1.0.1
**********************
[INFO] Using GITHUB_TOKEN.
[PLAN] Missing dates: 2025-08-22, 2025-08-23, 2025-10-16, 2025-10-17, 2025-10-18, 2025-10-19, 2025-10-20, 2025-10-21, 2025-10-22
[DATE] 2025-08-22  tag=world-2025-08-22T11-34-06.282Z  published=8/23/2025 1:45:13 AM
  [HAVE] 2025-08-22T11-34-06.282Z+3h7m.tar.gz.aa (size match)
  [HAVE] 2025-08-22T11-34-06.282Z+3h7m.tar.gz.ab (size match)
  [JOIN] 2 parts -> E:\Downloads E\archive_2025-08-22.tar.gz
PS>TerminatingError(Split-Path): "Parameter set cannot be resolved using the specified named parameters."
  [ERR] date 2025-08-22: Parameter set cannot be resolved using the specified named parameters.


PSMessageDetails      : 
Exception             : System.Management.Automation.ParameterBindingException: Parameter set cannot be resolved using 
                        the specified named parameters.
                           at System.Management.Automation.ExceptionHandlingOps.CheckActionPreference(FunctionContext 
                        funcContext, Exception exception)
                           at System.Management.Automation.Interpreter.ActionCallInstruction`2.Run(InterpretedFrame 
                        frame)
                           at 
                        System.Management.Automation.Interpreter.EnterTryCatchFinallyInstruction.Run(InterpretedFrame 
                        frame)
                           at 
                        System.Management.Automation.Interpreter.EnterTryCatchFinallyInstruction.Run(InterpretedFrame 
                        frame)
TargetObject          : 
CategoryInfo          : InvalidArgument: (:) [Split-Path], ParameterBindingException
FullyQualifiedErrorId : AmbiguousParameterSet,Microsoft.PowerShell.Commands.SplitPathCommand
ErrorDetails          : 
InvocationInfo        : System.Management.Automation.InvocationInfo
ScriptStackTrace      : at <ScriptBlock>, E:\wplace-site\Get-MissingTarParts.ps1: line 184
PipelineIterationInfo : {}
[DATE] 2025-08-23  tag=world-2025-08-23T22-40-12.027Z  published=8/23/2025 9:33:28 PM
  [HAVE] 2025-08-23T22-40-12.027Z.tar.gz.aa (size match)
  [HAVE] 2025-08-23T22-40-12.027Z.tar.gz.ab (size match)
  [JOIN] 2 parts -> E:\Downloads E\archive_2025-08-23.tar.gz
PS>TerminatingError(Split-Path): "Parameter set cannot be resolved using the specified named parameters."
  [ERR] date 2025-08-23: Parameter set cannot be resolved using the specified named parameters.


PSMessageDetails      : 
Exception             : System.Management.Automation.ParameterBindingException: Parameter set cannot be resolved using 
                        the specified named parameters.
                           at System.Management.Automation.ExceptionHandlingOps.CheckActionPreference(FunctionContext 
                        funcContext, Exception exception)
                           at System.Management.Automation.Interpreter.ActionCallInstruction`2.Run(InterpretedFrame 
                        frame)
                           at 
                        System.Management.Automation.Interpreter.EnterTryCatchFinallyInstruction.Run(InterpretedFrame 
                        frame)
                           at 
                        System.Management.Automation.Interpreter.EnterTryCatchFinallyInstruction.Run(InterpretedFrame 
                        frame)
TargetObject          : 
CategoryInfo          : InvalidArgument: (:) [Split-Path], ParameterBindingException
FullyQualifiedErrorId : AmbiguousParameterSet,Microsoft.PowerShell.Commands.SplitPathCommand
ErrorDetails          : 
InvocationInfo        : System.Management.Automation.InvocationInfo
ScriptStackTrace      : at <ScriptBlock>, E:\wplace-site\Get-MissingTarParts.ps1: line 184
PipelineIterationInfo : {}
[DATE] 2025-10-16  tag=world-2025-10-16T22-47-21.835Z  published=10/16/2025 9:56:05 PM
  [HAVE] 2025-10-16T22-47-21.835Z+2h59m.tar.gz.aa (size match)
  [HAVE] 2025-10-16T22-47-21.835Z+2h59m.tar.gz.ab (size match)
  [HAVE] 2025-10-16T22-47-21.835Z+2h59m.tar.gz.ac (size match)
  [HAVE] 2025-10-16T22-47-21.835Z+2h59m.tar.gz.ad (size match)
  [JOIN] 4 parts -> E:\Downloads E\archive_2025-10-16.tar.gz
PS>TerminatingError(Split-Path): "Parameter set cannot be resolved using the specified named parameters."
  [ERR] date 2025-10-16: Parameter set cannot be resolved using the specified named parameters.


PSMessageDetails      : 
Exception             : System.Management.Automation.ParameterBindingException: Parameter set cannot be resolved using 
                        the specified named parameters.
                           at System.Management.Automation.ExceptionHandlingOps.CheckActionPreference(FunctionContext 
                        funcContext, Exception exception)
                           at System.Management.Automation.Interpreter.ActionCallInstruction`2.Run(InterpretedFrame 
                        frame)
                           at 
                        System.Management.Automation.Interpreter.EnterTryCatchFinallyInstruction.Run(InterpretedFrame 
                        frame)
                           at 
                        System.Management.Automation.Interpreter.EnterTryCatchFinallyInstruction.Run(InterpretedFrame 
                        frame)
TargetObject          : 
CategoryInfo          : InvalidArgument: (:) [Split-Path], ParameterBindingException
FullyQualifiedErrorId : AmbiguousParameterSet,Microsoft.PowerShell.Commands.SplitPathCommand
ErrorDetails          : 
InvocationInfo        : System.Management.Automation.InvocationInfo
ScriptStackTrace      : at <ScriptBlock>, E:\wplace-site\Get-MissingTarParts.ps1: line 184
PipelineIterationInfo : {}
[DATE] 2025-10-17  tag=world-2025-10-17T22-42-04.064Z  published=10/17/2025 9:48:02 PM
  [HAVE] 2025-10-17T22-42-04.064Z+2h56m.tar.gz.aa (size match)
  [HAVE] 2025-10-17T22-42-04.064Z+2h56m.tar.gz.ab (size match)
  [HAVE] 2025-10-17T22-42-04.064Z+2h56m.tar.gz.ac (size match)
  [HAVE] 2025-10-17T22-42-04.064Z+2h56m.tar.gz.ad (size match)
  [HAVE] 2025-10-17T22-42-04.064Z+2h56m.tar.gz.ae (size match)
  [JOIN] 5 parts -> E:\Downloads E\archive_2025-10-17.tar.gz
PS>TerminatingError(Split-Path): "Parameter set cannot be resolved using the specified named parameters."
  [ERR] date 2025-10-17: Parameter set cannot be resolved using the specified named parameters.


PSMessageDetails      : 
Exception             : System.Management.Automation.ParameterBindingException: Parameter set cannot be resolved using 
                        the specified named parameters.
                           at System.Management.Automation.ExceptionHandlingOps.CheckActionPreference(FunctionContext 
                        funcContext, Exception exception)
                           at System.Management.Automation.Interpreter.ActionCallInstruction`2.Run(InterpretedFrame 
                        frame)
                           at 
                        System.Management.Automation.Interpreter.EnterTryCatchFinallyInstruction.Run(InterpretedFrame 
                        frame)
                           at 
                        System.Management.Automation.Interpreter.EnterTryCatchFinallyInstruction.Run(InterpretedFrame 
                        frame)
TargetObject          : 
CategoryInfo          : InvalidArgument: (:) [Split-Path], ParameterBindingException
FullyQualifiedErrorId : AmbiguousParameterSet,Microsoft.PowerShell.Commands.SplitPathCommand
ErrorDetails          : 
InvocationInfo        : System.Management.Automation.InvocationInfo
ScriptStackTrace      : at <ScriptBlock>, E:\wplace-site\Get-MissingTarParts.ps1: line 184
PipelineIterationInfo : {}
[DATE] 2025-10-18  tag=world-2025-10-18T22-04-52.316Z  published=10/18/2025 9:14:39 PM
  [HAVE] 2025-10-18T22-04-52.316Z+3h0m.tar.gz.aa (size match)
  [HAVE] 2025-10-18T22-04-52.316Z+3h0m.tar.gz.ab (size match)
  [HAVE] 2025-10-18T22-04-52.316Z+3h0m.tar.gz.ac (size match)
  [HAVE] 2025-10-18T22-04-52.316Z+3h0m.tar.gz.ad (size match)
  [HAVE] 2025-10-18T22-04-52.316Z+3h0m.tar.gz.ae (size match)
  [JOIN] 5 parts -> E:\Downloads E\archive_2025-10-18.tar.gz
PS>TerminatingError(Split-Path): "Parameter set cannot be resolved using the specified named parameters."
  [ERR] date 2025-10-18: Parameter set cannot be resolved using the specified named parameters.


PSMessageDetails      : 
Exception             : System.Management.Automation.ParameterBindingException: Parameter set cannot be resolved using 
                        the specified named parameters.
                           at System.Management.Automation.ExceptionHandlingOps.CheckActionPreference(FunctionContext 
                        funcContext, Exception exception)
                           at System.Management.Automation.Interpreter.ActionCallInstruction`2.Run(InterpretedFrame 
                        frame)
                           at 
                        System.Management.Automation.Interpreter.EnterTryCatchFinallyInstruction.Run(InterpretedFrame 
                        frame)
                           at 
                        System.Management.Automation.Interpreter.EnterTryCatchFinallyInstruction.Run(InterpretedFrame 
                        frame)
TargetObject          : 
CategoryInfo          : InvalidArgument: (:) [Split-Path], ParameterBindingException
FullyQualifiedErrorId : AmbiguousParameterSet,Microsoft.PowerShell.Commands.SplitPathCommand
ErrorDetails          : 
InvocationInfo        : System.Management.Automation.InvocationInfo
ScriptStackTrace      : at <ScriptBlock>, E:\wplace-site\Get-MissingTarParts.ps1: line 184
PipelineIterationInfo : {}
[DATE] 2025-10-19  tag=world-2025-10-19T21-42-46.788Z  published=10/19/2025 8:46:49 PM
  [HAVE] 2025-10-19T21-42-46.788Z+2h54m.tar.gz.aa (size match)
  [HAVE] 2025-10-19T21-42-46.788Z+2h54m.tar.gz.ab (size match)
  [HAVE] 2025-10-19T21-42-46.788Z+2h54m.tar.gz.ac (size match)
  [HAVE] 2025-10-19T21-42-46.788Z+2h54m.tar.gz.ad (size match)
  [HAVE] 2025-10-19T21-42-46.788Z+2h54m.tar.gz.ae (size match)
  [JOIN] 5 parts -> E:\Downloads E\archive_2025-10-19.tar.gz
PS>TerminatingError(Split-Path): "Parameter set cannot be resolved using the specified named parameters."
  [ERR] date 2025-10-19: Parameter set cannot be resolved using the specified named parameters.


PSMessageDetails      : 
Exception             : System.Management.Automation.ParameterBindingException: Parameter set cannot be resolved using 
                        the specified named parameters.
                           at System.Management.Automation.ExceptionHandlingOps.CheckActionPreference(FunctionContext 
                        funcContext, Exception exception)
                           at System.Management.Automation.Interpreter.ActionCallInstruction`2.Run(InterpretedFrame 
                        frame)
                           at 
                        System.Management.Automation.Interpreter.EnterTryCatchFinallyInstruction.Run(InterpretedFrame 
                        frame)
                           at 
                        System.Management.Automation.Interpreter.EnterTryCatchFinallyInstruction.Run(InterpretedFrame 
                        frame)
TargetObject          : 
CategoryInfo          : InvalidArgument: (:) [Split-Path], ParameterBindingException
FullyQualifiedErrorId : AmbiguousParameterSet,Microsoft.PowerShell.Commands.SplitPathCommand
ErrorDetails          : 
InvocationInfo        : System.Management.Automation.InvocationInfo
ScriptStackTrace      : at <ScriptBlock>, E:\wplace-site\Get-MissingTarParts.ps1: line 184
PipelineIterationInfo : {}
[DATE] 2025-10-20  tag=world-2025-10-20T23-49-21.888Z  published=10/20/2025 10:48:51 PM
  [HAVE] 2025-10-20T23-49-21.888Z+2h50m.tar.gz.aa (size match)
  [HAVE] 2025-10-20T23-49-21.888Z+2h50m.tar.gz.ab (size match)
  [HAVE] 2025-10-20T23-49-21.888Z+2h50m.tar.gz.ac (size match)
  [HAVE] 2025-10-20T23-49-21.888Z+2h50m.tar.gz.ad (size match)
  [HAVE] 2025-10-20T23-49-21.888Z+2h50m.tar.gz.ae (size match)
  [JOIN] 5 parts -> E:\Downloads E\archive_2025-10-20.tar.gz
PS>TerminatingError(Split-Path): "Parameter set cannot be resolved using the specified named parameters."
  [ERR] date 2025-10-20: Parameter set cannot be resolved using the specified named parameters.


PSMessageDetails      : 
Exception             : System.Management.Automation.ParameterBindingException: Parameter set cannot be resolved using 
                        the specified named parameters.
                           at System.Management.Automation.ExceptionHandlingOps.CheckActionPreference(FunctionContext 
                        funcContext, Exception exception)
                           at System.Management.Automation.Interpreter.ActionCallInstruction`2.Run(InterpretedFrame 
                        frame)
                           at 
                        System.Management.Automation.Interpreter.EnterTryCatchFinallyInstruction.Run(InterpretedFrame 
                        frame)
                           at 
                        System.Management.Automation.Interpreter.EnterTryCatchFinallyInstruction.Run(InterpretedFrame 
                        frame)
TargetObject          : 
CategoryInfo          : InvalidArgument: (:) [Split-Path], ParameterBindingException
FullyQualifiedErrorId : AmbiguousParameterSet,Microsoft.PowerShell.Commands.SplitPathCommand
ErrorDetails          : 
InvocationInfo        : System.Management.Automation.InvocationInfo
ScriptStackTrace      : at <ScriptBlock>, E:\wplace-site\Get-MissingTarParts.ps1: line 184
PipelineIterationInfo : {}
[DATE] 2025-10-21  tag=world-2025-10-21T22-54-33.843Z  published=10/21/2025 9:53:05 PM
  [HAVE] 2025-10-21T22-54-33.843Z+2h49m.tar.gz.aa (size match)
  [HAVE] 2025-10-21T22-54-33.843Z+2h49m.tar.gz.ab (size match)
  [HAVE] 2025-10-21T22-54-33.843Z+2h49m.tar.gz.ac (size match)
  [HAVE] 2025-10-21T22-54-33.843Z+2h49m.tar.gz.ad (size match)
  [HAVE] 2025-10-21T22-54-33.843Z+2h49m.tar.gz.ae (size match)
  [JOIN] 5 parts -> E:\Downloads E\archive_2025-10-21.tar.gz
PS>TerminatingError(Split-Path): "Parameter set cannot be resolved using the specified named parameters."
  [ERR] date 2025-10-21: Parameter set cannot be resolved using the specified named parameters.


PSMessageDetails      : 
Exception             : System.Management.Automation.ParameterBindingException: Parameter set cannot be resolved using 
                        the specified named parameters.
                           at System.Management.Automation.ExceptionHandlingOps.CheckActionPreference(FunctionContext 
                        funcContext, Exception exception)
                           at System.Management.Automation.Interpreter.ActionCallInstruction`2.Run(InterpretedFrame 
                        frame)
                           at 
                        System.Management.Automation.Interpreter.EnterTryCatchFinallyInstruction.Run(InterpretedFrame 
                        frame)
                           at 
                        System.Management.Automation.Interpreter.EnterTryCatchFinallyInstruction.Run(InterpretedFrame 
                        frame)
TargetObject          : 
CategoryInfo          : InvalidArgument: (:) [Split-Path], ParameterBindingException
FullyQualifiedErrorId : AmbiguousParameterSet,Microsoft.PowerShell.Commands.SplitPathCommand
ErrorDetails          : 
InvocationInfo        : System.Management.Automation.InvocationInfo
ScriptStackTrace      : at <ScriptBlock>, E:\wplace-site\Get-MissingTarParts.ps1: line 184
PipelineIterationInfo : {}
[DATE] 2025-10-22  tag=world-2025-10-22T01-43-57.688Z  published=10/22/2025 12:46:12 AM
  [HAVE] 2025-10-22T01-43-57.688Z+2h52m.tar.gz.aa (size match)
  [HAVE] 2025-10-22T01-43-57.688Z+2h52m.tar.gz.ab (size match)
  [HAVE] 2025-10-22T01-43-57.688Z+2h52m.tar.gz.ac (size match)
  [HAVE] 2025-10-22T01-43-57.688Z+2h52m.tar.gz.ad (size match)
  [HAVE] 2025-10-22T01-43-57.688Z+2h52m.tar.gz.ae (size match)
  [JOIN] 5 parts -> E:\Downloads E\archive_2025-10-22.tar.gz
PS>TerminatingError(Split-Path): "Parameter set cannot be resolved using the specified named parameters."
  [ERR] date 2025-10-22: Parameter set cannot be resolved using the specified named parameters.


PSMessageDetails      : 
Exception             : System.Management.Automation.ParameterBindingException: Parameter set cannot be resolved using 
                        the specified named parameters.
                           at System.Management.Automation.ExceptionHandlingOps.CheckActionPreference(FunctionContext 
                        funcContext, Exception exception)
                           at System.Management.Automation.Interpreter.ActionCallInstruction`2.Run(InterpretedFrame 
                        frame)
                           at 
                        System.Management.Automation.Interpreter.EnterTryCatchFinallyInstruction.Run(InterpretedFrame 
                        frame)
                           at 
                        System.Management.Automation.Interpreter.EnterTryCatchFinallyInstruction.Run(InterpretedFrame 
                        frame)
TargetObject          : 
CategoryInfo          : InvalidArgument: (:) [Split-Path], ParameterBindingException
FullyQualifiedErrorId : AmbiguousParameterSet,Microsoft.PowerShell.Commands.SplitPathCommand
ErrorDetails          : 
InvocationInfo        : System.Management.Automation.InvocationInfo
ScriptStackTrace      : at <ScriptBlock>, E:\wplace-site\Get-MissingTarParts.ps1: line 184
PipelineIterationInfo : {}
[DONE] All missing dates processed.
**********************
Windows PowerShell transcript end
End time: 20251022031236
**********************
**********************
Windows PowerShell transcript start
Start time: 20251022031840
Username: LAPTOP-DHVBS0TN\pc
RunAs User: LAPTOP-DHVBS0TN\pc
Configuration Name: 
Machine: LAPTOP-DHVBS0TN (Microsoft Windows NT 10.0.22631.0)
Host Application: C:\Windows\System32\WindowsPowerShell\v1.0\powershell.exe -NoProfile -ExecutionPolicy Bypass -NoLogo -NoExit -File E:\wplace-site\Get-MissingTarParts.ps1
Process ID: 23016
PSVersion: 5.1.22621.6060
PSEdition: Desktop
PSCompatibleVersions: 1.0, 2.0, 3.0, 4.0, 5.0, 5.1.22621.6060
BuildVersion: 10.0.22621.6060
CLRVersion: 4.0.30319.42000
WSManStackVersion: 3.0
PSRemotingProtocolVersion: 2.3
SerializationVersion: 1.1.0.1
**********************
[INFO] Using GITHUB_TOKEN.
[PLAN] Missing dates: 2025-08-22, 2025-08-23, 2025-10-16, 2025-10-17, 2025-10-18, 2025-10-19, 2025-10-20, 2025-10-21, 2025-10-22
[DATE] 2025-08-22  tag=world-2025-08-22T11-34-06.282Z  published=8/23/2025 1:45:13 AM
  [HAVE] 2025-08-22T11-34-06.282Z+3h7m.tar.gz.aa (size match)
  [HAVE] 2025-08-22T11-34-06.282Z+3h7m.tar.gz.ab (size match)
  [JOIN] 2 parts -> E:\Downloads E\archive_2025-08-22.tar.gz
  [UNTAR] E:\wplace-site\tiles\tiles_2025-08-22\archive_2025-08-22.tar.gz
2025-08-22T11-34-06.282Z+3h7m/764/571.png: Can't create '\\
PS>TerminatingError(): "The pipeline has been stopped."
**********************
Windows PowerShell transcript end
End time: 20251022033712
**********************
**********************
Windows PowerShell transcript start
Start time: 20251022033928
Username: LAPTOP-DHVBS0TN\pc
RunAs User: LAPTOP-DHVBS0TN\pc
Configuration Name: 
Machine: LAPTOP-DHVBS0TN (Microsoft Windows NT 10.0.22631.0)
Host Application: C:\Windows\System32\WindowsPowerShell\v1.0\powershell.exe -NoProfile -ExecutionPolicy Bypass -NoLogo -NoExit -File E:\wplace-site\Get-MissingTarParts.ps1
Process ID: 5900
PSVersion: 5.1.22621.6060
PSEdition: Desktop
PSCompatibleVersions: 1.0, 2.0, 3.0, 4.0, 5.0, 5.1.22621.6060
BuildVersion: 10.0.22621.6060
CLRVersion: 4.0.30319.42000
WSManStackVersion: 3.0
PSRemotingProtocolVersion: 2.3
SerializationVersion: 1.1.0.1
**********************
[INFO] Using GITHUB_TOKEN.
[PLAN] Missing dates: 2025-08-23, 2025-10-16, 2025-10-17, 2025-10-18, 2025-10-19, 2025-10-20, 2025-10-21, 2025-10-22
[DATE] 2025-08-23  tag=world-2025-08-23T22-40-12.027Z  published=8/23/2025 9:33:28 PM
  [HAVE] 2025-08-23T22-40-12.027Z.tar.gz.aa (size match)
  [HAVE] 2025-08-23T22-40-12.027Z.tar.gz.ab (size match)
  [JOIN] 2 parts -> E:\Downloads E\archive_2025-08-23.tar.gz
  [UNTAR] E:\wplace-site\tiles\tiles_2025-08-23\archive_2025-08-23.tar.gz

PS>TerminatingError(): "The pipeline has been stopped."
>> TerminatingError(): "The pipeline has been stopped."
**********************
Windows PowerShell transcript end
End time: 20251022034652
**********************
**********************
Windows PowerShell transcript start
Start time: 20251022035219
Username: LAPTOP-DHVBS0TN\pc
RunAs User: LAPTOP-DHVBS0TN\pc
Configuration Name: 
Machine: LAPTOP-DHVBS0TN (Microsoft Windows NT 10.0.22631.0)
Host Application: C:\Windows\System32\WindowsPowerShell\v1.0\powershell.exe -NoProfile -ExecutionPolicy Bypass -NoLogo -NoExit -File E:\wplace-site\Get-MissingTarParts.ps1
Process ID: 14848
PSVersion: 5.1.22621.6060
PSEdition: Desktop
PSCompatibleVersions: 1.0, 2.0, 3.0, 4.0, 5.0, 5.1.22621.6060
BuildVersion: 10.0.22621.6060
CLRVersion: 4.0.30319.42000
WSManStackVersion: 3.0
PSRemotingProtocolVersion: 2.3
SerializationVersion: 1.1.0.1
**********************
[INFO] Using GITHUB_TOKEN.
[PLAN] Missing dates: 2025-08-22, 2025-08-23, 2025-10-16, 2025-10-17, 2025-10-18, 2025-10-19, 2025-10-20, 2025-10-21, 2025-10-22
[DATE] 2025-08-22  tag=world-2025-08-22T11-34-06.282Z  published=8/23/2025 1:45:13 AM
  [HAVE] 2025-08-22T11-34-06.282Z+3h7m.tar.gz.aa (size match)
  [HAVE] 2025-08-22T11-34-06.282Z+3h7m.tar.gz.ab (size match)
  [JOIN] 2 parts -> E:\Downloads E\archive_2025-08-22.tar.gz
  [UNTAR] extracting 6612 selected paths -> E:\wplace-site\tiles\tiles_2025-08-22


PS>TerminatingError(): "tar failed with code 1"
  [ERR] date 2025-08-22: tar failed with code 1


PSMessageDetails      : 
Exception             : System.Management.Automation.RuntimeException: tar failed with code 1
TargetObject          : tar failed with code 1
CategoryInfo          : OperationStopped: (tar failed with code 1:String) [], RuntimeException
FullyQualifiedErrorId : tar failed with code 1
ErrorDetails          : 
InvocationInfo        : System.Management.Automation.InvocationInfo
ScriptStackTrace      : at Extract-OnlyRange, E:\wplace-site\Get-MissingTarParts.ps1: line 77
                        at <ScriptBlock>, E:\wplace-site\Get-MissingTarParts.ps1: line 198
PipelineIterationInfo : {}
[DATE] 2025-08-23  tag=world-2025-08-23T22-40-12.027Z  published=8/23/2025 9:33:28 PM
  [HAVE] 2025-08-23T22-40-12.027Z.tar.gz.aa (size match)
  [HAVE] 2025-08-23T22-40-12.027Z.tar.gz.ab (size match)
  [JOIN] 2 parts -> E:\Downloads E\archive_2025-08-23.tar.gz
  [UNTAR] extracting 6842 selected paths -> E:\wplace-site\tiles\tiles_2025-08-23


PS>TerminatingError(): "The pipeline has been stopped."
PS>TerminatingError(): "The pipeline has been stopped."
**********************
Windows PowerShell transcript end
End time: 20251022042255
**********************
**********************
Windows PowerShell transcript start
Start time: 20251022042302
Username: LAPTOP-DHVBS0TN\pc
RunAs User: LAPTOP-DHVBS0TN\pc
Configuration Name: 
Machine: LAPTOP-DHVBS0TN (Microsoft Windows NT 10.0.22631.0)
Host Application: C:\Windows\System32\WindowsPowerShell\v1.0\powershell.exe -NoProfile -ExecutionPolicy Bypass -NoLogo -NoExit -File E:\wplace-site\Get-MissingTarParts.ps1
Process ID: 15508
PSVersion: 5.1.22621.6060
PSEdition: Desktop
PSCompatibleVersions: 1.0, 2.0, 3.0, 4.0, 5.0, 5.1.22621.6060
BuildVersion: 10.0.22621.6060
CLRVersion: 4.0.30319.42000
WSManStackVersion: 3.0
PSRemotingProtocolVersion: 2.3
SerializationVersion: 1.1.0.1
**********************
[INFO] Using GITHUB_TOKEN.
[PLAN] Missing dates: 2025-10-16, 2025-10-17, 2025-10-18, 2025-10-19, 2025-10-20, 2025-10-21, 2025-10-22
[DATE] 2025-10-16  tag=world-2025-10-16T22-47-21.835Z  published=10/16/2025 9:56:05 PM
  [HAVE] 2025-10-16T22-47-21.835Z+2h59m.tar.gz.aa (size match)
  [HAVE] 2025-10-16T22-47-21.835Z+2h59m.tar.gz.ab (size match)
  [HAVE] 2025-10-16T22-47-21.835Z+2h59m.tar.gz.ac (size match)
  [HAVE] 2025-10-16T22-47-21.835Z+2h59m.tar.gz.ad (size match)
  [JOIN] 4 parts -> E:\Downloads E\archive_2025-10-16.tar.gz
  [UNTAR] extracting 10182 selected paths -> E:\wplace-site\tiles\tiles_2025-10-16

PS>TerminatingError(): "The pipeline has been stopped."
PS>TerminatingError(): "The pipeline has been stopped."
**********************
Windows PowerShell transcript end
End time: 20251022044914
**********************
**********************
Windows PowerShell transcript start
Start time: 20251022045337
Username: LAPTOP-DHVBS0TN\pc
RunAs User: LAPTOP-DHVBS0TN\pc
Configuration Name: 
Machine: LAPTOP-DHVBS0TN (Microsoft Windows NT 10.0.22631.0)
Host Application: C:\Windows\System32\WindowsPowerShell\v1.0\powershell.exe -NoProfile -ExecutionPolicy Bypass -NoLogo -NoExit -File E:\wplace-site\Get-MissingTarParts.ps1
Process ID: 23556
PSVersion: 5.1.22621.6060
PSEdition: Desktop
PSCompatibleVersions: 1.0, 2.0, 3.0, 4.0, 5.0, 5.1.22621.6060
BuildVersion: 10.0.22621.6060
CLRVersion: 4.0.30319.42000
WSManStackVersion: 3.0
PSRemotingProtocolVersion: 2.3
SerializationVersion: 1.1.0.1
**********************
[INFO] Using GITHUB_TOKEN.
[PLAN] Missing dates: 2025-10-17, 2025-10-18, 2025-10-19, 2025-10-20, 2025-10-21, 2025-10-22
[DATE] 2025-10-17  tag=world-2025-10-17T22-42-04.064Z  published=10/17/2025 9:48:02 PM
  [HAVE] 2025-10-17T22-42-04.064Z+2h56m.tar.gz.aa (size match)
  [HAVE] 2025-10-17T22-42-04.064Z+2h56m.tar.gz.ab (size match)
  [HAVE] 2025-10-17T22-42-04.064Z+2h56m.tar.gz.ac (size match)
  [HAVE] 2025-10-17T22-42-04.064Z+2h56m.tar.gz.ad (size match)
  [HAVE] 2025-10-17T22-42-04.064Z+2h56m.tar.gz.ae (size match)
  [JOIN] 5 parts -> E:\Downloads E\archive_2025-10-17.tar.gz
  [EXTRACT] 1243: 615 files


PS>TerminatingError(): "The pipeline has been stopped."
PS>TerminatingError(): "The pipeline has been stopped."
**********************
Windows PowerShell transcript end
End time: 20251022045943
**********************
**********************
Windows PowerShell transcript start
Start time: 20251022050123
Username: LAPTOP-DHVBS0TN\pc
RunAs User: LAPTOP-DHVBS0TN\pc
Configuration Name: 
Machine: LAPTOP-DHVBS0TN (Microsoft Windows NT 10.0.22631.0)
Host Application: C:\Windows\System32\WindowsPowerShell\v1.0\powershell.exe -NoProfile -ExecutionPolicy Bypass -NoLogo -NoExit -File E:\wplace-site\Get-MissingTarParts.ps1
Process ID: 18856
PSVersion: 5.1.22621.6060
PSEdition: Desktop
PSCompatibleVersions: 1.0, 2.0, 3.0, 4.0, 5.0, 5.1.22621.6060
BuildVersion: 10.0.22621.6060
CLRVersion: 4.0.30319.42000
WSManStackVersion: 3.0
PSRemotingProtocolVersion: 2.3
SerializationVersion: 1.1.0.1
**********************
[INFO] Using GITHUB_TOKEN.
[PLAN] Missing dates: 2025-10-18, 2025-10-19, 2025-10-20, 2025-10-21, 2025-10-22
[DATE] 2025-10-18  tag=world-2025-10-18T22-04-52.316Z  published=10/18/2025 9:14:39 PM
  [HAVE] 2025-10-18T22-04-52.316Z+3h0m.tar.gz.aa (size match)
  [HAVE] 2025-10-18T22-04-52.316Z+3h0m.tar.gz.ab (size match)
  [HAVE] 2025-10-18T22-04-52.316Z+3h0m.tar.gz.ac (size match)
  [HAVE] 2025-10-18T22-04-52.316Z+3h0m.tar.gz.ad (size match)
  [HAVE] 2025-10-18T22-04-52.316Z+3h0m.tar.gz.ae (size match)
  [JOIN] 5 parts -> E:\Downloads E\archive_2025-10-18.tar.gz
  [EXTRACT] 1243: 617 files

    [+] 1243  0-399

    [+] 1243  400-616
  [EXTRACT] 1244: 605 files

    [+] 1244  0-399

PS>TerminatingError(): "The pipeline has been stopped."
PS>TerminatingError(): "The pipeline has been stopped."
**********************
Windows PowerShell transcript end
End time: 20251022051047
**********************
**********************
Windows PowerShell transcript start
Start time: 20251022051122
Username: LAPTOP-DHVBS0TN\pc
RunAs User: LAPTOP-DHVBS0TN\pc
Configuration Name: 
Machine: LAPTOP-DHVBS0TN (Microsoft Windows NT 10.0.22631.0)
Host Application: C:\Windows\System32\WindowsPowerShell\v1.0\powershell.exe -NoProfile -ExecutionPolicy Bypass -NoLogo -NoExit -File E:\wplace-site\Get-MissingTarParts.ps1
Process ID: 15368
PSVersion: 5.1.22621.6060
PSEdition: Desktop
PSCompatibleVersions: 1.0, 2.0, 3.0, 4.0, 5.0, 5.1.22621.6060
BuildVersion: 10.0.22621.6060
CLRVersion: 4.0.30319.42000
WSManStackVersion: 3.0
PSRemotingProtocolVersion: 2.3
SerializationVersion: 1.1.0.1
**********************
[INFO] Using GITHUB_TOKEN.
[PLAN] Missing dates: 2025-10-17, 2025-10-18, 2025-10-19, 2025-10-20, 2025-10-21, 2025-10-22
[DATE] 2025-10-17  tag=world-2025-10-17T22-42-04.064Z  published=10/17/2025 9:48:02 PM
  [HAVE] 2025-10-17T22-42-04.064Z+2h56m.tar.gz.aa (size match)
  [HAVE] 2025-10-17T22-42-04.064Z+2h56m.tar.gz.ab (size match)
  [HAVE] 2025-10-17T22-42-04.064Z+2h56m.tar.gz.ac (size match)
  [HAVE] 2025-10-17T22-42-04.064Z+2h56m.tar.gz.ad (size match)
  [HAVE] 2025-10-17T22-42-04.064Z+2h56m.tar.gz.ae (size match)
  [JOIN] 5 parts -> E:\Downloads E\archive_2025-10-17.tar.gz
  [EXTRACT] 1243: 615 files






















PS>TerminatingError(): "The pipeline has been stopped."
>> TerminatingError(): "The pipeline has been stopped."
**********************
Windows PowerShell transcript end
End time: 20251022053407
**********************
